Linux version 2.6.33.2 (root@puppypc) (gcc version 4.4.3 (Ubuntu 4.4.3-4ubuntu5) ) #1 SMP Thu May 27 10:56:32 EST 2010
BIOS-provided physical RAM map:
 BIOS-e820: 0000000000000000 - 000000000009fc00 (usable)
 BIOS-e820: 000000000009fc00 - 00000000000a0000 (reserved)
 BIOS-e820: 00000000000f0000 - 0000000000100000 (reserved)
 BIOS-e820: 0000000000100000 - 000000003fff0000 (usable)
 BIOS-e820: 000000003fff0000 - 0000000040000000 (ACPI data)
 BIOS-e820: 00000000fffc0000 - 0000000100000000 (reserved)
Notice: NX (Execute Disable) protection cannot be enabled: non-PAE kernel!
DMI 2.5 present.
last_pfn = 0x3fff0 max_arch_pfn = 0x100000
MTRR default type: uncachable
MTRR variable ranges disabled:
x86 PAT enabled: cpu 0, old 0x7040600070406, new 0x7010600070106
CPU MTRRs all blank - virtualized system.
initial memory mapped : 0 - 01800000
found SMP MP-table at [c009fff0] 9fff0
init_memory_mapping: 0000000000000000-00000000377fe000
 0000000000 - 0000400000 page 4k
 0000400000 - 0037400000 page 2M
 0037400000 - 00377fe000 page 4k
kernel direct mapping tables up to 377fe000 @ 7000-c000
ACPI: RSDP 000e0000 00024 (v02 VBOX  )
ACPI: XSDT 3fff0030 0003C (v01 VBOX   VBOXXSDT 00000001 ASL  00000061)
ACPI: FACP 3fff00f0 000F4 (v04 VBOX   VBOXFACP 00000001 ASL  00000061)
ACPI: DSDT 3fff0470 01CEB (v01 VBOX   VBOXBIOS 00000002 INTL 20100528)
ACPI: FACS 3fff0200 00040
ACPI: APIC 3fff0240 00054 (v02 VBOX   VBOXAPIC 00000001 ASL  00000061)
ACPI: SSDT 3fff02a0 001CC (v01 VBOX   VBOXCPUT 00000002 INTL 20100528)
ACPI: Local APIC address 0xfee00000
135MB HIGHMEM available.
887MB LOWMEM available.
  mapped low ram: 0 - 377fe000
  low ram: 0 - 377fe000
  node 0 low ram: 00000000 - 377fe000
  node 0 bootmap 00008000 - 0000ef00
(13 early reservations) ==> bootmem [0000000000 - 00377fe000]
  #0 [0000000000 - 0000001000]   BIOS data page ==> [0000000000 - 0000001000]
  #1 [0000001000 - 0000002000]    EX TRAMPOLINE ==> [0000001000 - 0000002000]
  #2 [0001000000 - 000144c744]    TEXT DATA BSS ==> [0001000000 - 000144c744]
  #3 [000144d000 - 000145310c]              BRK ==> [000144d000 - 000145310c]
  #4 [000009f800 - 000009fff0]    BIOS reserved ==> [000009f800 - 000009fff0]
  #5 [000009fff0 - 00000a0000]     MP-table mpf ==> [000009fff0 - 00000a0000]
  #6 [00000a0000 - 00000e1300]    BIOS reserved ==> [00000a0000 - 00000e1300]
  #7 [00000e13e0 - 0000100000]    BIOS reserved ==> [00000e13e0 - 0000100000]
  #8 [00000e1300 - 00000e13e0]     MP-table mpc ==> [00000e1300 - 00000e13e0]
  #9 [0000002000 - 0000003000]       TRAMPOLINE ==> [0000002000 - 0000003000]
  #10 [0000003000 - 0000007000]      ACPI WAKEUP ==> [0000003000 - 0000007000]
  #11 [0000007000 - 0000008000]          PGTABLE ==> [0000007000 - 0000008000]
  #12 [0000008000 - 000000f000]          BOOTMAP ==> [0000008000 - 000000f000]
Zone PFN ranges:
  DMA      0x00000000 -> 0x00001000
  Normal   0x00001000 -> 0x000377fe
  HighMem  0x000377fe -> 0x0003fff0
Movable zone start PFN for each node
early_node_map[2] active PFN ranges
    0: 0x00000000 -> 0x0000009f
    0: 0x00000100 -> 0x0003fff0
On node 0 totalpages: 262031
free_area_init_node: node 0, pgdat c13c1ac0, node_mem_map c1455000
  DMA zone: 32 pages used for memmap
  DMA zone: 0 pages reserved
  DMA zone: 3967 pages, LIFO batch:0
  Normal zone: 1744 pages used for memmap
  Normal zone: 221486 pages, LIFO batch:31
  HighMem zone: 272 pages used for memmap
  HighMem zone: 34530 pages, LIFO batch:7
Using APIC driver default
ACPI: PM-Timer IO Port: 0x4008
ACPI: Local APIC address 0xfee00000
ACPI: LAPIC (acpi_id[0x00] lapic_id[0x00] enabled)
ACPI: IOAPIC (id[0x01] address[0xfec00000] gsi_base[0])
IOAPIC[0]: apic_id 1, version 17, address 0xfec00000, GSI 0-23
ACPI: INT_SRC_OVR (bus 0 bus_irq 0 global_irq 2 dfl dfl)
ACPI: INT_SRC_OVR (bus 0 bus_irq 9 global_irq 9 high level)
ACPI: IRQ0 used by override.
ACPI: IRQ2 used by override.
ACPI: IRQ9 used by override.
Using ACPI (MADT) for SMP configuration information
SMP: Allowing 1 CPUs, 0 hotplug CPUs
nr_irqs_gsi: 24
Allocating PCI resources starting at 40000000 (gap: 40000000:bffc0000)
setup_percpu: NR_CPUS:4 nr_cpumask_bits:4 nr_cpu_ids:1 nr_node_ids:1
PERCPU: Embedded 12 pages/cpu @c2000000 s25816 r0 d23336 u4194304
pcpu-alloc: s25816 r0 d23336 u4194304 alloc=1*4194304
pcpu-alloc: [0] 0 
Built 1 zonelists in Zone order, mobility grouping on.  Total pages: 259983
Kernel command line: root=/dev/sda1 pmedia=atahd
PID hash table entries: 4096 (order: 2, 16384 bytes)
Dentry cache hash table entries: 131072 (order: 7, 524288 bytes)
Inode-cache hash table entries: 65536 (order: 6, 262144 bytes)
Enabling fast FPU save and restore... done.
Enabling unmasked SIMD FPU exception support... done.
Initializing CPU#0
xsave/xrstor: enabled xstate_bv 0x7, cntxt size 0x340
Initializing HighMem for node 0 (000377fe:0003fff0)
Memory: 1034116k/1048512k available (2614k kernel code, 13524k reserved, 1250k data, 328k init, 139208k highmem)
virtual kernel memory layout:
    fixmap  : 0xfff6a000 - 0xfffff000   ( 596 kB)
    pkmap   : 0xff800000 - 0xffc00000   (4096 kB)
    vmalloc : 0xf7ffe000 - 0xff7fe000   ( 120 MB)
    lowmem  : 0xc0000000 - 0xf77fe000   ( 887 MB)
      .init : 0xc13c7000 - 0xc1419000   ( 328 kB)
      .data : 0xc128d936 - 0xc13c62e0   (1250 kB)
      .text : 0xc1000000 - 0xc128d936   (2614 kB)
Checking if this processor honours the WP bit even in supervisor mode...Ok.
Hierarchical RCU implementation.
NR_IRQS:384
Console: colour VGA+ 80x25
console [tty0] enabled
Fast TSC calibration using PIT
Detected 1900.055 MHz processor.
Calibrating delay loop (skipped), value calculated using timer frequency.. 3800.11 BogoMIPS (lpj=7600220)
Mount-cache hash table entries: 512
CPU: Physical Processor ID: 0
mce: CPU supports 0 MCE banks
using mwait in idle threads.
Performance Events: unsupported p6 CPU model 69 no PMU driver, software events only.
Checking 'hlt' instruction... OK.
SMP alternatives: switching to UP code
Freeing SMP alternatives: 15k freed
ACPI: Core revision 20091214
Enabling APIC mode:  Flat.  Using 1 I/O APICs
..TIMER: vector=0x30 apic1=0 pin1=2 apic2=-1 pin2=-1
CPU0: Intel(R) Core(TM) i5-4250U CPU @ 1.30GHz stepping 01
Brought up 1 CPUs
Total of 1 processors activated (3800.11 BogoMIPS).
NET: Registered protocol family 16
EISA bus registered
ACPI: bus type pci registered
PCI: PCI BIOS revision 2.10 entry at 0xfda26, last bus=0
PCI: Using configuration type 1 for base access
bio: create slab <bio-0> at 0
ACPI: EC: Look up EC in DSDT
ACPI: Executed 1 blocks of module-level executable AML code
ACPI: Interpreter enabled
ACPI: (supports S0 S5)
ACPI: Using IOAPIC for interrupt routing
ACPI: No dock devices found.
ACPI: PCI Root Bridge [PCI0] (0000:00)
pci_root PNP0A03:00: ignoring host bridge windows from ACPI; boot with "pci=use_crs" to use them
pci_root PNP0A03:00: host bridge window [io  0x0000-0x0cf7] (ignored)
pci_root PNP0A03:00: host bridge window [io  0x0d00-0xffff] (ignored)
pci_root PNP0A03:00: host bridge window [mem 0x000a0000-0x000bffff] (ignored)
pci_root PNP0A03:00: host bridge window [mem 0x40000000-0xffdfffff] (ignored)
pci 0000:00:01.1: reg 20: [io  0xd000-0xd00f]
pci 0000:00:02.0: reg 10: [mem 0xe0000000-0xe0ffffff pref]
pci 0000:00:03.0: reg 10: [mem 0xf0000000-0xf001ffff]
pci 0000:00:03.0: reg 18: [io  0xd010-0xd017]
pci 0000:00:04.0: reg 10: [io  0xd020-0xd03f]
pci 0000:00:04.0: reg 14: [mem 0xf0400000-0xf07fffff]
pci 0000:00:04.0: reg 18: [mem 0xf0800000-0xf0803fff pref]
pci 0000:00:05.0: reg 10: [io  0xd100-0xd1ff]
pci 0000:00:05.0: reg 14: [io  0xd200-0xd23f]
pci 0000:00:06.0: reg 10: [mem 0xf0804000-0xf0804fff]
pci 0000:00:0b.0: reg 10: [mem 0xf0805000-0xf0805fff]
pci 0000:00:0d.0: reg 10: [io  0xd240-0xd247]
pci 0000:00:0d.0: reg 18: [io  0xd250-0xd257]
pci 0000:00:0d.0: reg 20: [io  0xd260-0xd26f]
pci 0000:00:0d.0: reg 24: [mem 0xf0806000-0xf0807fff]
pci_bus 0000:00: on NUMA node 0
ACPI: PCI Interrupt Routing Table [\_SB_.PCI0._PRT]
ACPI: PCI Interrupt Link [LNKA] (IRQs 5 9 10 *11)
ACPI: PCI Interrupt Link [LNKB] (IRQs 5 9 10 *11)
ACPI: PCI Interrupt Link [LNKC] (IRQs 5 9 *10 11)
ACPI: PCI Interrupt Link [LNKD] (IRQs 5 *9 10 11)
vgaarb: device added: PCI:0000:00:02.0,decodes=io+mem,owns=io+mem,locks=none
vgaarb: loaded
SCSI subsystem initialized
libata version 3.00 loaded.
PCI: Using ACPI for IRQ routing
PCI: pci_cache_line_size set to 64 bytes
Switching to clocksource tsc
pnp: PnP ACPI init
ACPI: bus type pnp registered
pnp: PnP ACPI: found 4 devices
ACPI: ACPI bus type pnp unregistered
PnPBIOS: Disabled by ACPI PNP
pci_bus 0000:00: resource 0 [io  0x0000-0xffff]
pci_bus 0000:00: resource 1 [mem 0x00000000-0xffffffff]
NET: Registered protocol family 2
IP route cache hash table entries: 32768 (order: 5, 131072 bytes)
TCP established hash table entries: 131072 (order: 8, 1048576 bytes)
TCP bind hash table entries: 65536 (order: 7, 524288 bytes)
TCP: Hash tables configured (established 131072 bind 65536)
TCP reno registered
UDP hash table entries: 512 (order: 2, 16384 bytes)
UDP-Lite hash table entries: 512 (order: 2, 16384 bytes)
NET: Registered protocol family 1
pci 0000:00:00.0: Limiting direct PCI/PCI transfers
pci 0000:00:01.0: Activating ISA DMA hang workarounds
pci 0000:00:02.0: Boot video device
PCI: CLS 64 bytes, default 64
platform rtc_cmos: registered platform RTC device (no PNP device found)
highmem bounce pool size: 64 pages
NTFS driver 2.1.29 [Flags: R/W].
msgmni has been set to 1748
alg: No test for stdrng (krng)
io scheduler noop registered
io scheduler cfq registered (default)
isapnp: Scanning for PnP cards...
isapnp: No Plug & Play device found
Real Time Clock Driver v1.12b
Serial: 8250/16550 driver, 4 ports, IRQ sharing enabled
brd: module loaded
loop: module loaded
ahci 0000:00:0d.0: version 3.0
ahci 0000:00:0d.0: PCI INT A -> GSI 21 (level, low) -> IRQ 21
ahci: SSS flag set, parallel bus scan disabled
ahci 0000:00:0d.0: AHCI 0001.0100 32 slots 1 ports 3 Gbps 0x1 impl SATA mode
ahci 0000:00:0d.0: flags: 64bit ncq stag only ccc 
scsi0 : ahci
ata1: SATA max UDMA/133 abar m8192@0xf0806000 port 0xf0806100 irq 21
ata_piix 0000:00:01.1: version 2.13
scsi1 : ata_piix
scsi2 : ata_piix
ata2: PATA max UDMA/33 cmd 0x1f0 ctl 0x3f6 bmdma 0xd000 irq 14
ata3: PATA max UDMA/33 cmd 0x170 ctl 0x376 bmdma 0xd008 irq 15
PNP: PS/2 Controller [PNP0303:PS2K,PNP0f03:PS2M] at 0x60,0x64 irq 1,12
serio: i8042 KBD port at 0x60,0x64 irq 1
serio: i8042 AUX port at 0x60,0x64 irq 12
mice: PS/2 mouse device common for all mice
input: AT Translated Set 2 keyboard as /devices/platform/i8042/serio0/input/input0
input: ImExPS/2 Generic Explorer Mouse as /devices/platform/i8042/serio1/input/input1
cpuidle: using governor ladder
cpuidle: using governor menu
TCP cubic registered
NET: Registered protocol family 17
Using IPI No-Shortcut mode
ata3.00: ATAPI: VBOX CD-ROM, 1.0, max UDMA/133
ata3.00: configured for UDMA/33
ata1: SATA link up 3.0 Gbps (SStatus 123 SControl 300)
ata1.00: ATA-6: VBOX HARDDISK, 1.0, max UDMA/133
ata1.00: 16777216 sectors, multi 128: LBA48 NCQ (depth 31/32)
ata1.00: configured for UDMA/133
scsi 0:0:0:0: Direct-Access     ATA      VBOX HARDDISK    1.0  PQ: 0 ANSI: 5
sd 0:0:0:0: [sda] 16777216 512-byte logical blocks: (8.58 GB/8.00 GiB)
sd 0:0:0:0: [sda] Write Protect is off
sd 0:0:0:0: [sda] Mode Sense: 00 3a 00 00
sd 0:0:0:0: [sda] Write cache: enabled, read cache: enabled, doesn't support DPO or FUA
 sda:
scsi 2:0:0:0: CD-ROM            VBOX     CD-ROM           1.0  PQ: 0 ANSI: 5
sr0: scsi3-mmc drive: 32x/32x xa/form2 tray
Uniform CD-ROM driver Revision: 3.20
sr 2:0:0:0: Attached scsi CD-ROM sr0
 sda1
sd 0:0:0:0: [sda] Attached SCSI disk
md: Waiting for all devices to be available before autodetect
md: If you don't use raid, use raid=noautodetect
md: Autodetecting RAID arrays.
md: Scanned 0 and added 0 devices.
md: autorun ...
md: ... autorun DONE.
EXT3-fs (sda1): recovery required on readonly filesystem
EXT3-fs (sda1): write access will be enabled during recovery
kjournald starting.  Commit interval 5 seconds
EXT3-fs (sda1): recovery complete
EXT3-fs (sda1): mounted filesystem with ordered data mode
VFS: Mounted root (ext3 filesystem) readonly on device 8:1.
Freeing unused kernel memory: 328k freed
EXT3-fs (sda1): using internal journal
floppy0: no floppy controllers found
usbcore: registered new interface driver usbfs
usbcore: registered new interface driver hub
usbcore: registered new device driver usb
ehci_hcd: USB 2.0 'Enhanced' Host Controller (EHCI) Driver
ehci_hcd 0000:00:0b.0: PCI INT A -> GSI 19 (level, low) -> IRQ 19
ehci_hcd 0000:00:0b.0: EHCI Host Controller
ehci_hcd 0000:00:0b.0: new USB bus registered, assigned bus number 1
ehci_hcd 0000:00:0b.0: irq 19, io mem 0xf0805000
ehci_hcd 0000:00:0b.0: USB 2.0 started, EHCI 1.00
hub 1-0:1.0: USB hub found
hub 1-0:1.0: 12 ports detected
udev: starting version 151
ACPI: AC Adapter [AC] (off-line)
input: Power Button as /devices/LNXSYSTM:00/LNXPWRBN:00/input/input2
ACPI: Power Button [PWRF]
input: Sleep Button as /devices/LNXSYSTM:00/LNXSLPBN:00/input/input3
ACPI: Sleep Button [SLPF]
input: Video Bus as /devices/LNXSYSTM:00/LNXSYBUS:00/PNP0A03:00/LNXVIDEO:00/input/input4
ACPI: Video Device [GFX0] (multi-head: yes  rom: no  post: no)
ACPI: Battery Slot [BAT0] (battery present)
Linux agpgart interface v0.103
[drm] Initialized drm 1.1.0 20060810
pci 0000:00:02.0: PCI INT A -> GSI 18 (level, low) -> IRQ 18
[drm] Initialized vboxvideo 1.0.0 20090303 for 0000:00:02.0 on minor 0
Intel(R) PRO/1000 Network Driver - version 7.3.21-k5-NAPI
Copyright (c) 1999-2006 Intel Corporation.
e1000 0000:00:03.0: PCI INT A -> GSI 19 (level, low) -> IRQ 19
e1000: 0000:00:03.0: e1000_probe: (PCI:33MHz:32-bit) 08:00:27:58:f0:af
sd 0:0:0:0: Attached scsi generic sg0 type 0
sr 2:0:0:0: Attached scsi generic sg1 type 5
fuse init (API version 7.13)
aufs 2-standalone.tree-33-20100329
squashfs: version 4.0 (2009/01/31) Phillip Lougher
ohci_hcd: USB 1.1 'Open' Host Controller (OHCI) Driver
input: PC Speaker as /devices/platform/pcspkr/input/input5
e1000: eth0: e1000_probe: Intel(R) PRO/1000 Network Connection
vboxguest 0000:00:04.0: PCI INT A -> GSI 20 (level, low) -> IRQ 20
vgdrvHeartbeatInit: Setting up heartbeat to trigger every 2000 milliseconds
input: Unspecified device as /devices/pci0000:00/0000:00:04.0/input/input6
vboxguest: misc device minor 59, IRQ 20, I/O port d020, MMIO at 00000000f0400000 (size 0x400000)
vboxguest: Successfully loaded version 5.0.14 (interface 0x00010004)
piix4_smbus 0000:00:07.0: SMBus base address uninitialized - upgrade BIOS or use force_addr=0xaddr
ohci_hcd 0000:00:06.0: PCI INT A -> GSI 22 (level, low) -> IRQ 22
ohci_hcd 0000:00:06.0: OHCI Host Controller
ohci_hcd 0000:00:06.0: new USB bus registered, assigned bus number 2
ohci_hcd 0000:00:06.0: irq 22, io mem 0xf0804000
udev: renamed network interface eth0 to eth4
hub 2-0:1.0: USB hub found
hub 2-0:1.0: 12 ports detected
Intel ICH 0000:00:05.0: PCI INT A -> GSI 21 (level, low) -> IRQ 21
intel8x0: white list rate for 1028:0177 is 48000
usb 2-1: new full speed USB device using ohci_hcd and address 2
usbcore: registered new interface driver hiddev
input: VirtualBox USB Tablet as /devices/pci0000:00/0000:00:06.0/usb2/2-1/2-1:1.0/input/input7
generic-usb 0003:80EE:0021.0001: input: USB HID v1.10 Mouse [VirtualBox USB Tablet] on usb-0000:00:06.0-1/input0
usbcore: registered new interface driver usbhid
usbhid: USB HID core driver
e1000: eth4 NIC Link is Up 1000 Mbps Full Duplex, Flow Control: RX
vboxsf: Successfully loaded version 5.0.14 (interface 0x00010004)
VBoxService 5.0.14 r105127 (verbosity: 0) linux.x86 (Jan 19 2016 17:41:03) release log
00:00:00.000114 main     Log opened 2016-04-29T07:11:29.169062000Z
00:00:00.000181 main     OS Product: Linux
00:00:00.000206 main     OS Release: 2.6.33.2
00:00:00.000225 main     OS Version: #1 SMP Thu May 27 10:56:32 EST 2010
00:00:00.000246 main     Executable: /opt/VBoxGuestAdditions-5.0.14/sbin/VBoxService
00:00:00.000247 main     Process ID: 3432
00:00:00.000248 main     Package type: LINUX_32BITS_GENERIC
00:00:00.001600 main     5.0.14 r105127 started. Verbose level = 0
00:00:00.032047 automount Error: vbsvcAutoMountWorker: Group 'vboxsf' does not exist
e1000: eth4 NIC Link is Up 1000 Mbps Full Duplex, Flow Control: RX
e1000: eth4 NIC Link is Up 1000 Mbps Full Duplex, Flow Control: RX
ramdisk_module: module license 'unspecified' taints kernel.
Disabling lock debugging due to kernel taint
Loading ramdisk module
e1000: eth4 NIC Link is Down
e1000: eth4 NIC Link is Up 1000 Mbps Full Duplex, Flow Control: RX
Remove Ramdisk module
Loading ramdisk module
2
4
 initialize Ramdisk!
BUG: unable to handle kernel paging request at f8e19100
IP: [<f803e08e>] initRamdisk+0x5c/0x7a [ramdisk_module]
*pde = 368f4067 *pte = 00000000 
Oops: 0002 [#1] SMP 
last sysfs file: /sys/devices/pci0000:00/0000:00:03.0/net/eth4/statistics/tx_bytes
Modules linked in: ramdisk_module(P+) vboxsf fan joydev usbhid snd_intel8x0 snd_ac97_codec ac97_bus snd_hda_intel snd_hda_codec snd_pcm_oss snd_mixer_oss snd_pcm snd_seq_dummy snd_seq_oss snd_seq_midi snd_rawmidi snd_seq_midi_event serio_raw snd_seq snd_timer snd_seq_device snd soundcore pcspkr snd_page_alloc fbcon tileblit font bitblit softcursor ohci_hcd ssb squashfs aufs fuse nls_iso8859_1 nls_cp437 i2c_piix4 sg vboxguest e1000 vboxvideo drm i2c_core agpgart battery thermal video output evdev processor button ac ehci_hcd usbcore [last unloaded: ramdisk_module]

Pid: 20016, comm: insmod Tainted: P           2.6.33.2 #1 VirtualBox/VirtualBox
EIP: 0060:[<f803e08e>] EFLAGS: 00010246 CPU: 0
EIP is at initRamdisk+0x5c/0x7a [ramdisk_module]
EAX: 00000000 EBX: f8041000 ECX: f803e113 EDX: f8e19100
ESI: 00000000 EDI: b77b2ff4 EBP: 00000000 ESP: f68a5f8c
 DS: 007b ES: 007b FS: 00d8 GS: 0033 SS: 0068
Process insmod (pid: 20016, ti=f68a4000 task=f6801440 task.ti=f68a4000)
Stack:
 f8041058 c100112d f803e1ac 00000000 b77b2ff4 f68a4000 c104563c 0804c018
 00004000 c1002694 0804c018 00000e15 0804c008 00004000 b77b2ff4 bff46398
 00000080 0000007b 0000007b 00000000 00000000 00000080 ffffe430 00000073
Call Trace:
 [<f8041058>] ? initialization_ramdisk+0x58/0x71 [ramdisk_module]
 [<c100112d>] ? do_one_initcall+0x44/0x120
 [<c104563c>] ? sys_init_module+0xa7/0x1d7
 [<c1002694>] ? sysenter_do_call+0x12/0x26
Code: a3 f8 e2 03 f8 89 0d 08 e3 03 f8 89 15 00 e3 03 f8 66 c7 00 fb 1e 66 c7 40 02 00 04 66 c7 40 04 00 00 66 c7 40 06 00 00 31 c0 59 <c6> 04 02 00 40 3d 00 04 00 00 75 f4 68 2c e1 03 f8 e8 e2 c4 24 
EIP: [<f803e08e>] initRamdisk+0x5c/0x7a [ramdisk_module] SS:ESP 0068:f68a5f8c
CR2: 00000000f8e19100
---[ end trace 641d9659d3937165 ]---
Intel ICH 0000:00:05.0: PCI INT A disabled
01:03:41.509218 control  Guest control service stopped
01:03:41.511228 control  Guest control worker returned with rc=VINF_SUCCESS
01:03:41.512183 main     Session 0 is about to close ...
01:03:41.512700 main     Stopping all guest processes ...
01:03:41.513173 main     Closing all guest files ...
01:03:41.727778 main     Ended.
e1000: eth4 NIC Link is Up 1000 Mbps Full Duplex, Flow Control: RX
e1000 0000:00:03.0: PCI INT A disabled
